../Core/Src/main.c:108:13:shell_poll	16	static
../Core/Src/main.c:138:13:shell_execute	24	static
../Core/Src/main.c:190:12:parse_int	24	static
../Core/Src/main.c:222:13:shell_printf	16	static
../Core/Src/main.c:252:13:led_set_pwm	16	static
../Core/Src/main.c:268:13:led_set_blink	16	static
../Core/Src/main.c:292:6:HAL_TIM_PeriodElapsedCallback	16	static
../Core/Src/main.c:303:6:HAL_UART_ErrorCallback	32	static
../Core/Src/main.c:321:6:HAL_UARTEx_RxEventCallback	16	static
../Core/Src/main.c:334:13:UART_Recieve_Start	8	static
../Core/Src/main.c:346:5:main	8	static
../Core/Src/main.c:403:6:SystemClock_Config	88	static
../Core/Src/main.c:449:13:MX_TIM2_Init	64	static
../Core/Src/main.c:508:13:MX_TIM3_Init	32	static
../Core/Src/main.c:553:13:MX_USART2_UART_Init	8	static
../Core/Src/main.c:584:13:MX_DMA_Init	16	static
../Core/Src/main.c:605:13:MX_GPIO_Init	16	static
../Core/Src/main.c:628:6:Error_Handler	4	static,ignoring_inline_asm
