../Core/Src/main.c:108:13:shell_poll	6
../Core/Src/main.c:138:13:shell_execute	11
../Core/Src/main.c:190:12:parse_int	6
../Core/Src/main.c:222:13:shell_printf	4
../Core/Src/main.c:252:13:led_set_pwm	2
../Core/Src/main.c:268:13:led_set_blink	2
../Core/Src/main.c:292:6:HAL_TIM_PeriodElapsedCallback	2
../Core/Src/main.c:303:6:HAL_UART_ErrorCallback	3
../Core/Src/main.c:321:6:HAL_UARTEx_RxEventCallback	2
../Core/Src/main.c:334:13:UART_Recieve_Start	1
../Core/Src/main.c:346:5:main	2
../Core/Src/main.c:403:6:SystemClock_Config	3
../Core/Src/main.c:449:13:MX_TIM2_Init	6
../Core/Src/main.c:508:13:MX_TIM3_Init	4
../Core/Src/main.c:553:13:MX_USART2_UART_Init	2
../Core/Src/main.c:584:13:MX_DMA_Init	1
../Core/Src/main.c:605:13:MX_GPIO_Init	1
../Core/Src/main.c:628:6:Error_Handler	1
