../Core/Src/main.c:120:13:shell_poll	6
../Core/Src/main.c:150:13:shell_execute	11
../Core/Src/main.c:202:12:parse_int	6
../Core/Src/main.c:234:13:shell_printf	4
../Core/Src/main.c:264:13:led_set_pwm	2
../Core/Src/main.c:280:13:led_set_blink	2
../Core/Src/main.c:304:6:HAL_TIM_PeriodElapsedCallback	2
../Core/Src/main.c:315:6:HAL_UART_ErrorCallback	3
../Core/Src/main.c:333:6:HAL_UARTEx_RxEventCallback	2
../Core/Src/main.c:346:13:UART_Recieve_Start	1
../Core/Src/main.c:358:5:main	2
../Core/Src/main.c:415:6:SystemClock_Config	3
../Core/Src/main.c:461:13:MX_TIM2_Init	6
../Core/Src/main.c:520:13:MX_TIM3_Init	4
../Core/Src/main.c:565:13:MX_USART2_UART_Init	2
../Core/Src/main.c:596:13:MX_DMA_Init	1
../Core/Src/main.c:617:13:MX_GPIO_Init	1
../Core/Src/main.c:640:6:Error_Handler	1
